md5 BEFORE
  d56df5c555fe5827c18148bc019d3b2b  theory.tex
  07a82570f9d49be0b8e1e30fa5fea995  supplement.tex
  83ed8eaeb67b9ed90040f4a766eaa93c  verify_numbers.py
  c0db59819961d0f743f9c0fc5d58cac5  rho_sweep.json
  506f77029478c7d27b65de63b294c58f  downstream_sweep.json
  05eb9819d0edfdfffebbcdf66932eccb  dinkelbach_grids.py
  ff47ddcb51e950348d18fd9983c6d308  dinkelbach_grids_NU41.json
  bd2c0d70ca4846cc4bf26cc57c5036f9  dinkelbach_grids_NU81.json
  6b76e89c1cc4857fb9a07732dda4f18e  dinkelbach_grids_NU161.json
  98405082c5f7a1d1033f5a873316853c  fig4.pdf
  7e47350f22c0035483d3229a73c58073  make_fig4.py
CONFIG: {'a': [0.0, 0.3, -0.2], 'E': [0.6, 1.1, 0.8], 'c': [-0.5, 2.0, 0.8], 'U': (0.0, 3.0), 'w': 0.9, 'xfail': 0.9, 'x0': 0.005, 'tmax': 200.0, 'NU': 41, 'qstar': [0.466109, 0.770508, 0.434809], 'gain': 1000.0}
[S3] one-input family, d = 2..8 ...
[S3] the same family mistuned by 1% ...
[Sec 5.3] design from a misspecified stress model ...
[Sec 3.2] the arc bound on the test system ...
[Sec 5.2] loss, estimation error and lifetime by strategy ...

[Table S3] re-optimising q for each system ...

[S4] loss against remaining-life error ...

[S4] sensitivity to the condemnation limit ...

[S2] the record-level identity ...

[S4] two-input closed loop along S_q ...
[S4] the counterexample on the segment ...

[Sec 4] reading the Severson fleet ...
[Sec 4] remaining-life test on the Severson cells ...
[Sec 4] replacement policy on the Severson cells ...
[Sec 6] XJTU-SY ...
[Sec 6] PRONOSTIA ...
[Sec 6] NASA ...
[Sec 6] separability: two-way layout inside engines ...
[Sec 6] the same comparison under a second predictor ...
[Sec 6] N-CMAPSS separability (slow) ...
[Sec 6] C-MAPSS FD004/FD002 (slow) ...

[Sec 5.2 / S4] fractional optimum from the grid records ...

quantity                                                         manuscript   recomputed  status
------------------------------------------------------------------------------------------------------
myopic loss at q*                                                      1.68      1.67589  ok
myopic loss at q*, restated in S5                                      1.68      1.67589  ok
best-constant loss at q*                                               1.15      1.14948  ok
headline ratio at q*                                                     68       68.589  ok
fair baseline (x1e-3)                                                  7.95      7.95405  ok
fair baseline sits at u=0                                                 0            0  ok
fair ratio                                                               47      47.4615  ok
ratio at q*, 81-point grid                                               72      71.6529  ok
fair ratio, 81-point grid                                                50       49.647  ok
ratio at q*, 161-point grid                                              72      72.4872  ok
fair ratio, 161-point grid                                               50       50.225  ok
fair baseline's excess error variance (%)                               1.6      1.60353  ok
fair baseline loss, restated with Cor 2.4 (x1e-3)                      7.95      7.95405  ok
life: myopic loop over best constant at q*                             1.66      1.66221  ok
life: myopic loop over the smallest-loss constant design                3.8      3.79296  ok
policy's control grid (points)                                           41           41  ok
Table S2 span                                                           9.4      9.40367  ok
Fisher-preferred/u=1 loss                                               1.7      1.73905  ok
beta_min upper (deg)                                                   4.52      4.52015  ok
headline ratio at q*, restated in S5                                     68       68.589  ok
fair ratio, restated in the abstract                                     47      47.4615  ok
beta_min upper, restated in S4                                         4.52      4.52015  ok
beta_min dips below (deg)                                              0.01   0.00575907  ok (bound)
lifetime factor, balanced-indicator loop over q* loop                   3.4      3.44018  ok
5.2 activation energy 1 (eV)                                           0.44     0.440202  ok
5.2 activation energy 2 (eV)                                           0.81     0.807037  ok
5.2 activation energy 3 (eV)                                           0.59     0.586936  ok
5.2 temperature at u=1.5 (C)                                           41.5      41.5298  ok
3.2 bound for a 30 deg arc (%)                                          7.2      7.17968  ok
3.2 bound for a 60 deg arc (%)                                           33      33.3333  ok
3.2 bound for a 90 deg arc is a doubling                                  2            2  ok
regime index stated upside down                                           0            0  ok
figure panels the text never points at                                    0            0  ok
unscoped six-regime claims about C-MAPSS                                  0            0  ok
unqualified consequences of $m<d-1$                                       0            0  ok
sub.tex matches theory.tex                                                1            1  ok
S4 screen: Table 3 drift, smallest (deg)                                 24       23.895  ok
S4 screen: Table 3 drift, largest (deg)                                  30       29.832  ok
supplement pointers that do not resolve                                   0            0  ok
S1 Severson window (cycles)                                             301          301  ok
S1 Severson minimum cycles                                              400          400  ok
S1 Severson filter order                                                  3            3  ok
S1 Severson grid points                                                  40           40  ok
S1 Severson grid start                                                 0.15         0.15  ok
S1 Severson grid end                                                    0.9          0.9  ok
S1 C-MAPSS grid points                                                   10           10  ok
S1 C-MAPSS grid start                                                   0.3          0.3  ok
S1 C-MAPSS grid end                                                    0.85         0.85  ok
S1 C-MAPSS reported window                                                7            7  ok
S1 C-MAPSS stability window, first                                        9            9  ok
S1 C-MAPSS stability window, second                                      11           11  ok
S1 N-CMAPSS clusters                                                      6            6  ok
S1 N-CMAPSS stages                                                        2            2  ok
S1 N-CMAPSS minimum points per cell                                     400          400  ok
S1 N-CMAPSS sweep minimum points                                        300          300  ok
S1 N-CMAPSS DS02 units as run                                             1            1  ok
sections the roadmap forgets                                              0            0  ok
longest sentence the prose says twice (words)                            16           14  ok (bound)
reproducibility exceptions announced vs listed                            0            0  ok
limitations announced vs listed                                           0            0  ok
fleets announced minus fleets cited                                       0            0  ok
Discussion: unconditional readings come first                             1            1  ok
Discussion readings announced vs given                                    2            2  ok
Table S2 u=0.0: delta                                                 0.235     0.235005  ok
Table S2 u=0.0: indicator information I_z                            0.4055     0.405474  ok
Table S2 u=0.0: rms beta                                               11.8      11.8032  ok
Table S2 u=0.0: loss                                                 0.0215    0.0214717  ok
Table S2 u=1.0: delta                                                 0.628     0.627863  ok
Table S2 u=1.0: indicator information I_z                            0.4207      0.42065  ok
Table S2 u=1.0: rms beta                                               8.98      8.98177  ok
Table S2 u=1.0: loss                                                 0.0123    0.0123468  ok
Table S2 u=1.5: delta                                                     1            1  ok
Table S2 u=1.5: indicator information I_z                             0.417     0.417004  ok
Table S2 u=1.5: rms beta                                              11.61      11.6147  ok
Table S2 u=1.5: loss                                                 0.0208     0.020805  ok
Table S2 u=2.0: delta                                                 1.564      1.56444  ok
Table S2 u=2.0: indicator information I_z                             0.405     0.405015  ok
Table S2 u=2.0: rms beta                                               15.6      15.5951  ok
Table S2 u=2.0: loss                                                 0.0379    0.0378746  ok
Table S2 u=3.0: delta                                                 3.769      3.76874  ok
Table S2 u=3.0: indicator information I_z                            0.3421     0.342144  ok
Table S2 u=3.0: rms beta                                              26.98      26.9807  ok
Table S2 u=3.0: loss                                                 0.1161     0.116105  ok
Table S2: l-bar within 6% of 1/2 rms^2, rows                              5            5  ok
Table S2: I_z orders the inputs as the loss does                          1            1  ok
S4 screen: sweep systems                                                299          299  ok
S4 screen: Spearman rho vs gain                                       -0.36    -0.355179  ok
S4 screen: Spearman interval, lower                                   -0.46    -0.463969  ok
S4 screen: Spearman interval, upper                                   -0.24    -0.237911  ok
S4 screen: base rate repaying                                            32      32.4415  ok
S4 screen: AUC of rho                                                  0.73     0.733898  ok
S4 screen: AUC of rho, lower                                           0.67     0.671769  ok
S4 screen: AUC of rho, upper                                           0.79     0.791432  ok
S4 screen: AUC of the arc alone                                        0.73     0.731346  ok
S4 screen: AUC of the drift alone                                      0.53     0.533531  ok
S4 screen: AUC of the drift, lower                                     0.46      0.46171  ok
S4 screen: AUC of the drift, upper                                      0.6     0.603063  ok
S4 screen: drift AUC interval contains 0.5                                1            1  ok
S4 screen: lowest decile repaying                                        43      43.3333  ok
S4 screen: nested: drift adds to arc, p                                0.47     0.473567  ok
S4 screen: nested: drift adds nothing (p > 0.05)                          1            1  ok
S4 screen: nested: ratio constraint, p (x1e-5)                          7.7      7.71273  ok
S4 screen: nested: Akaike information of rho                            351      351.086  ok
S4 screen: nested: Akaike information of the arc                        336      335.972  ok
S4 screen: nested: both hold in each input count                          1            1  ok
S4 screen: nested: interaction p (x1e-4)                                  3       3.0192  ok
S4 screen: tercile: low authority, low drift                           0.18     0.176471  ok
S4 screen: tercile: low authority, high drift                          0.08         0.08  ok
S4 screen: tercile: high authority, low drift                          0.48     0.477273  ok
S4 screen: tercile: high authority, high drift                         0.61     0.612903  ok
S4 screen: cross-validated AUC, arc                                    0.72     0.722441  ok
S4 screen: cross-validated AUC, rho                                    0.72     0.723984  ok
S4 screen: cross-validated AUC, with interaction                       0.74     0.744414  ok
S4 screen: interaction better in every repeat                             1            1  ok
S4 screen: lowest decile drift (deg)                                    2.7      2.68688  ok
S4 screen: median drift, all systems (deg)                               14      14.3627  ok
S4 screen: median gain at Table II's rho                                5.2      5.19632  ok
S4 screen (main-text summary): AUC of the arc                          0.73     0.731346  ok
S4 screen (main-text summary): sweep systems                            299          299  ok
S4 downstream: Spearman interval, lower                                0.34     0.342657  ok
S4 downstream: Spearman interval, upper                                 0.9     0.902098  ok
S4 downstream: error-ratio interval, lower                              1.4      1.39618  ok
S4 downstream: error-ratio interval, upper                             2.03      2.02547  ok
S4 downstream: permutation p (x1e-4)                                    1.5      1.49999  ok
S4 downstream: point estimate in top tenth of interval                    1            1  ok
S4 downstream: repeat: systems                                          120          120  ok
S4 downstream: repeat: lowest correlation                              0.87     0.867133  ok
S4 downstream: repeat: highest correlation                             0.99     0.993007  ok
S4 downstream: random tilts: median correlation                        0.74     0.741259  ok
S4 downstream: random tilts: interval excludes zero (%)                  84      84.1667  ok
S4 downstream: random tilts: identical ranking (%)                       82      81.6667  ok
S3 family: family misalignment (deg)                                    1.5      1.47878  ok (bound)
S3 family: family mean loss                                              15      15.9683  ok (bound)
S3 family: best constant, low                                           1.2      1.23007  ok
S3 family: best constant, high                                          5.4      5.42736  ok
S3 family: mistuned closed loop                                         3.2      3.23906  ok
S3 family: best constant, perturbed                                     1.8      1.81134  ok
S3 family: mistuned is worse than not steering                            1            1  ok
5.3 misspecification table rows                                           5            5  ok
5.3 eps=0.02 median                                                    1.03      1.03435  ok
5.3 eps=0.02 90th pct                                                  1.52      1.51811  ok
5.3 eps=0.02 worst of 40                                               2.04      2.03521  ok
5.3 eps=0.05 median                                                     1.4      1.40024  ok
5.3 eps=0.05 90th pct                                                  2.94      2.94065  ok
5.3 eps=0.05 worst of 40                                               6.44      6.43933  ok
5.3 eps=0.10 median                                                     3.1      3.10401  ok
5.3 eps=0.10 90th pct                                                  10.8      10.8273  ok
5.3 eps=0.10 worst of 40                                               67.7       67.672  ok
5.3 eps=0.20 median                                                      10      10.0278  ok
5.3 eps=0.20 90th pct                                                  44.9      44.9104  ok
5.3 eps=0.20 worst of 40                                               78.6      78.6198  ok
5.3 eps=0.35 median                                                      36      35.9769  ok
5.3 eps=0.35 90th pct                                                  94.1      94.0508  ok
5.3 eps=0.35 worst of 40                                                195      194.846  ok
5.3 median cost at 5%                                                   1.4      1.40024  ok
5.3 median cost at 10%                                                  3.1      3.10401  ok
5.3 worst of 40 at 10%                                                 67.7       67.672  ok
5.3 median at eps=0.35                                                   36      35.9769  ok
5.3 every column monotone in eps                                          1            1  ok
5.3 tenfold loss keeps the excess below (%)                               1      0.65115  ok (bound)
3.2 system arc, smallest (deg)                                         24.8      24.7752  ok
3.2 system arc, largest (deg)                                          35.6      35.5769  ok
3.2 system bound, smallest (%)                                          4.8      4.82404  ok
3.2 system bound, largest (%)                                          10.3       10.294  ok
3.2 system actual excess, smallest (%)                                  1.6      1.60353  ok
3.2 system actual excess, largest (%)                                   3.4      3.41594  ok
3.2 the bound holds at every input                                        1            1  ok
3.2 bound over actual excess, smallest                                  2.5        3.004  ok (bound)
3.2 bound over actual excess, largest                                   3.5      3.07347  ok (bound)
5.2 policy table rows                                                     5            5  ok
5.2 policy row 1: loss                                              0.00795   0.00795405  ok
5.2 policy row 1: excess variance (%)                                   1.6      1.60353  ok
5.2 policy row 1: RUL error, indicator (%)                             10.7       10.675  ok
5.2 policy row 1: RUL error, all channels (%)                          10.8      10.7553  ok
5.2 policy row 1: lifetime                                            0.378     0.377695  ok
5.2 policy row 2: loss                                               0.0144    0.0143524  ok
5.2 policy row 2: excess variance (%)                                   2.9      2.91208  ok
5.2 policy row 2: RUL error, indicator (%)                              8.9      8.85186  ok
5.2 policy row 2: RUL error, all channels (%)                           8.8      8.76093  ok
5.2 policy row 2: lifetime                                            1.967      1.96665  ok
5.2 policy row 3: loss                                               0.0126    0.0126285  ok
5.2 policy row 3: excess variance (%)                                   2.6      2.55787  ok
5.2 policy row 3: RUL error, indicator (%)                              8.8      8.80678  ok
5.2 policy row 3: RUL error, all channels (%)                           8.7      8.70822  ok
5.2 policy row 3: lifetime                                            7.203      7.20312  ok
5.2 policy row 4: loss                                             0.000168  0.000167589  ok
5.2 policy row 4: excess variance (%)                                  0.03    0.0335235  ok
5.2 policy row 4: RUL error, indicator (%)                              9.5      9.45989  ok
5.2 policy row 4: RUL error, all channels (%)                           9.5       9.5253  ok
5.2 policy row 4: lifetime                                            1.433      1.43258  ok
5.2 policy row 5: loss                                              0.00408   0.00407639  ok
5.2 policy row 5: excess variance (%)                                   0.8      0.81861  ok
5.2 policy row 5: RUL error, indicator (%)                              8.4      8.43096  ok
5.2 policy row 5: RUL error, all channels (%)                           8.5      8.52344  ok
5.2 policy row 5: lifetime                                            4.928      4.92834  ok
5.2 indicator within x% of all channels, every policy                   1.2      1.13181  ok (bound)
abstract: indicator within x% of all channels                           1.2      1.13181  ok (bound)
5.2 RUL error as % of life, smallest                                    8.4      8.43096  ok
5.2 RUL error as % of life, largest                                    10.7       10.675  ok
5.2 lifetime range over the constant designs                             19      19.0713  ok
abstract: lifetime range                                                 19      19.0713  ok
5.2 estimator: instants observed                                         30           30  ok
5.2 estimator: share of life observed (%)                                40           40  ok
5.2 estimator: units per policy                                        2000         2000  ok
Table S3 row 1: arc                                                    33.9      33.8978  ok
Table S3 row 1: rho                                                    0.88     0.883361  ok
Table S3 row 1: L*                                                  0.00017  0.000167591  ok
Table S3 row 1: gain                                                     68      68.6283  ok
Table S3 row 1: own-indicator gain                                       47       47.461  ok
Fig. 4(b) row 1: rho                                               0.883361     0.883361  ok
Fig. 4(b) row 1: L*                                             0.000167591  0.000167591  ok
Fig. 4(b) row 1: gain                                                68.628      68.6283  ok
Table S3 row 2: arc                                                    1.93       1.9293  ok
Table S3 row 2: rho                                                    12.5      12.5318  ok
Table S3 row 2: L*                                                   0.0036   0.00358573  ok
Table S3 row 2: gain                                                    2.9      2.93988  ok
Table S3 row 2: own-indicator gain                                      2.2      2.21825  ok
Fig. 4(b) row 2: rho                                                12.5318      12.5318  ok
Fig. 4(b) row 2: L*                                              0.00358573   0.00358573  ok
Fig. 4(b) row 2: gain                                                  2.94      2.93988  ok
Table S3 row 3: arc                                                    0.45     0.451647  ok
Table S3 row 3: rho                                                    53.1       53.053  ok
Table S3 row 3: L*                                                   0.0042    0.0041742  ok
Table S3 row 3: gain                                                    2.7      2.69023  ok
Table S3 row 3: own-indicator gain                                      1.9      1.89164  ok
Fig. 4(b) row 3: rho                                                 53.053       53.053  ok
Fig. 4(b) row 3: L*                                               0.0041742    0.0041742  ok
Fig. 4(b) row 3: gain                                                  2.69      2.69023  ok
floor peaks at the start of life (tau)                                 0.02            0  ok (bound)
floor dips at mid-life, not early                                         1            1  ok
Fig 4(a) mid-life arc is the closest of three                             1            1  ok
S4 regime: loss rises by a factor over the regimes                       25       24.907  ok
S4 regime: own-indicator gain, first row                                 47       47.461  ok
S4 regime: own-indicator gain, last row                                 1.9      1.89164  ok
S4 regime: overstatement, smallest                                      1.3      1.32531  ok
S4 regime: overstatement, largest                                       1.4      1.44599  ok
S4 downstream: exp(2l) identity (rel err)                             1e-12  8.81449e-16  ok (bound)
S4 downstream: loss vs RUL error, Spearman                             0.89     0.888112  ok
S4 downstream: best-aligned beats worst                                 1.5      1.51883  ok
S4 threshold: peak floor at x_f=1 (deg)                                5.41      5.39827  ok
S4 threshold: gain at x_f=1                                              58      58.6301  ok
S2 record-level identity (abs err)                                    1e-12  6.10623e-16  ok (bound)
record vs time-averaged loss differ (rel)                              0.05     0.307114  ok (bound)
2-input system determinant                                             0.27         0.27  ok
2-input central operating point                                         1.5          1.5  ok
2-input points of S_q inside the box                                    600          600  ok
2-input points of S_q sampled                                           600          600  ok
2-input margin to the box                                              0.52     0.518762  ok
2-input u1 along S_q, low                                              0.55     0.549274  ok
2-input u1 along S_q, high                                             2.48      2.48124  ok
2-input u2 along S_q, low                                              1.32      1.32185  ok
2-input u2 along S_q, high                                              1.7      1.69455  ok
2-input closed loop's distance from S_q                               1e-09  3.76495e-16  ok (bound)
2-input closed-loop misalignment (deg)                                1e-06  8.53774e-07  ok (bound)
2-input grid floor along S_q (deg)                                    0.152     0.151652  ok
S4 example: reachable along the u=1.3 trajectory                          1            1  ok
S4 example: aligning input offset                                       0.7          0.7  ok
S4 example: admissible while x2 <=                                      0.6          0.6  ok
S4 example: x2 at failure under u=1.3                                  0.52     0.518179  ok
S4 example: x1 where S_q leaves the envelope                           0.73     0.732842  ok
S4 example: that happens before failure                                   1            1  ok
Severson cells used                                                     129          129  ok
Severson arc travel (deg)                                              30.7      30.6575  ok
Severson end-to-end (deg)                                                21      21.3423  ok
Severson positivity at win 301                                            1            1  ok
S1 Severson cells qualifying                                            129          129  ok
abstract: battery cells                                                 129          129  ok
abstract: battery arc (deg)                                            30.7      30.6575  ok
abstract: battery bound (%)                                             7.5      7.51356  ok
contributions: battery bound (%)                                        7.5      7.51356  ok
Sec 4: battery arc (deg)                                               30.7      30.6575  ok
Sec 4: battery bound (%)                                                7.5      7.51356  ok
Discussion: battery bound (%)                                           7.5      7.51356  ok
Sec 4: window start (%)                                                  15           15  ok
Sec 4: window end (%)                                                    90           90  ok
contributions: replacement margin (%)                                   3.7      3.68874  ok
Sec 4: replacement margin (%)                                           3.7      3.68874  ok
Sec 4 RUL test: window (% of elapsed cycles)                             30           30  ok
Sec 4 RUL test: first age (%)                                            50           50  ok
Sec 4 RUL test: second age (%)                                           70           70  ok
Sec 4 RUL test: third age (%)                                            90           90  ok
Sec 4 RUL test: fixed indicator MSE ratio, smallest                    0.96     0.959851  ok
Sec 4 RUL test: fixed indicator MSE ratio, largest                        1     0.999492  ok
fixed indicator as accurate as all channels (largest ratio)            1.01     0.999492  ok (bound)
fixed indicator within the arc bound on measured cells                    1            1  ok
Sec 4 RUL test: capacity angle, largest (deg)                            22      22.1783  ok
Sec 4 RUL test: bound for capacity alone (%)                             17      16.6179  ok
Sec 4 RUL test: capacity alone at half of life (%)                        5      5.00609  ok
Sec 4 RUL test: capacity alone costs less later                           1            1  ok
Sec 4 RUL test: capacity alone within its bound                           1            1  ok
Sec 4 RUL test: temperature control, smallest factor                     40      43.6686  ok (bound)
S1 RUL test: training cells per test cell                               128          128  ok
S1 RUL test: baseline cycles                                             50           50  ok
S1 RUL test: reference points                                          1001         1001  ok
S1 RUL test: window start (fraction of n0)                              0.7          0.7  ok
S1 RUL test: longest life searched                                     4000         4000  ok
S1 RUL test: variation, shorter window (%)                               20           20  ok
S1 RUL test: variation, longer window (%)                                50           50  ok
S1 RUL test: variation, shorter baseline (cycles)                        20           20  ok
S1 RUL test: variation, longer baseline (cycles)                        100          100  ok
S1 RUL test: pooled ratio, fixed indicator, lowest                     0.95     0.953987  ok
S1 RUL test: pooled ratio, fixed indicator, highest                    0.97     0.971526  ok
S1 RUL test: pooled ratio, capacity alone, lowest                      1.03        1.028  ok
S1 RUL test: pooled ratio, capacity alone, highest                     1.06      1.05526  ok
Sec 4: lives, shortest (cycles)                                         447          447  ok
Sec 4: lives, longest (cycles)                                         1932         1932  ok
Sec 4: lives differ more than fourfold                                    4      4.32215  ok (bound)
Sec 4: indicator weight, capacity                                      0.99     0.986969  ok
Sec 4: indicator weight, resistance                                     0.1      0.10462  ok
Sec 4: indicator weight, temperature                                   0.12     0.122258  ok
Sec 4: indicator angle, largest (deg)                                    14      14.3916  ok
Sec 4: all-channel RMS at 50% (cycles)                                  148      148.497  ok
Sec 4: all-channel RMS at 70% (cycles)                                   83      82.6764  ok
Sec 4: all-channel RMS at 90% (cycles)                                   49      49.2636  ok
Sec 4: fusion angle, smallest (deg)                                      75      74.9366  ok
Sec 4: fusion angle, largest (deg)                                       82      81.5501  ok
Sec 4: fusion MSE ratio at half of life                                28.9      28.8979  ok
Sec 4: fusion MSE ratio near failure                                   0.81     0.807332  ok
Sec 4: fusion the most accurate signal near failure                       1            1  ok
Table (cells): rows                                                       5            5  ok
Table (cells) fixed indicator: angle (deg)                               14      14.3916  ok
Table (cells) fixed indicator: MSE ratio at 0.5                        0.96     0.959851  ok
Table (cells) fixed indicator: MSE ratio at 0.7                       0.972     0.971986  ok
Table (cells) fixed indicator: MSE ratio at 0.9                       0.999     0.999492  ok
Table (cells) capacity: angle (deg)                                      22      22.1783  ok
Table (cells) capacity: MSE ratio at 0.5                               1.05      1.05006  ok
Table (cells) capacity: MSE ratio at 0.7                              1.014      1.01448  ok
Table (cells) capacity: MSE ratio at 0.9                              0.986     0.985587  ok
Table (cells) fusion: angle (deg)                                        82      81.5501  ok
Table (cells) fusion: MSE ratio at 0.5                                 28.9      28.8979  ok
Table (cells) fusion: MSE ratio at 0.7                                 8.43       8.4335  ok
Table (cells) fusion: MSE ratio at 0.9                                0.807     0.807332  ok
Table (cells) temperature: angle (deg)                                   90      89.5006  ok
Table (cells) temperature: MSE ratio at 0.5                            43.7      43.6686  ok
Table (cells) temperature: MSE ratio at 0.7                             171       170.54  ok
Table (cells) temperature: MSE ratio at 0.9                             725       724.78  ok
Table (cells) all channels: cost per 1000 cycles                      1.689      1.68874  ok
Table (cells) all channels: failures (%)                                1.6      1.55039  ok
Table (cells) all channels: unused life (cycles)                        134      133.566  ok
Table (cells) fixed indicator: cost per 1000 cycles                   1.688      1.68777  ok
Table (cells) fixed indicator: failures (%)                             1.6      1.55039  ok
Table (cells) fixed indicator: unused life (cycles)                     133      133.178  ok
Table (cells) capacity: cost per 1000 cycles                           1.69       1.6902  ok
Table (cells) capacity: failures (%)                                    1.6      1.55039  ok
Table (cells) capacity: unused life (cycles)                            134      134.147  ok
Table (cells) fusion: cost per 1000 cycles                            1.731        1.731  ok
Table (cells) fusion: failures (%)                                      1.6      1.55039  ok
Table (cells) fusion: unused life (cycles)                              150      150.039  ok
Sec 4 policy: inspection interval (cycles)                               25           25  ok
Sec 4 policy: first inspection (cycle)                                  100          100  ok
Sec 4 policy: cost ratio stated in words (ten)                           10           10  ok
Sec 4 policy: fixed indicator and capacity within x% (bound)            0.1    0.0862347  ok (bound)
Sec 4 policy: failures, all channels (%)                                1.6      1.55039  ok
Sec 4 policy: unused life, all channels (cycles)                        134      133.566  ok
Sec 4 policy: unused life is about a fifth of life                        1            1  ok
Sec 4 policy: fusion extra cost (%)                                     2.5       2.5023  ok
Sec 4 policy: smallest cost ratio                                         5            5  ok
Sec 4 policy: largest cost ratio                                         50           50  ok
Sec 4 policy: fixed indicator within x% over cost ratios                  1     0.912201  ok (bound)
S1 policy: horizon searched (cycles)                                   1500         1500  ok
S1 policy: optimal threshold at r=10, three signals (cycles)            130          130  ok
S1 policy: same threshold for indicator and capacity                      1            1  ok
S1 policy: optimal threshold at r=10, fusion (cycles)                   120          120  ok
S1 policy: matched threshold (cycles)                                    90           90  ok
S1 policy: matched threshold equal for every signal                       1            1  ok
S1 policy: unused at matched threshold, all (cycles)                     92      92.4031  ok
S1 policy: unused at matched threshold, indicator (cycles)               92      91.8217  ok
S1 policy: unused at matched threshold, fusion (cycles)                 112      111.543  ok
XJTU conditions                                                           3            3  ok
XJTU cells per condition                                                  5            5  ok
NASA cells                                                                4            4  ok
NASA window spread (fold)                                                 7       7.1771  ok
NASA positivity beyond win 31                                             1            1  ok
Sec 6 interaction exceeds regime effect                                   1            1  ok
Sec 6 fleets where regression is more accurate                            4            4  ok
Sec 6 NC interaction / main                                            1.65      1.64906  ok
Sec 6 NC interaction always exceeds the main effect                       1            1  ok
S1 NC DS02 interaction over its noise floor                             566       566.01  ok
S1 NC sweep: smallest interaction over main                            1.42      1.42042  ok
Sec 6 NC DS01 interaction / main                                       1.84      1.84117  ok
Sec 6 NC DS01 interaction exceeds the main effect                         1            1  ok
S1 NC DS01 interaction over its noise floor                             110      109.891  ok
S1 NC health parameters constant within every flight                      1            1  ok
S1 NC DS02 flights                                                      446          446  ok
S1 NC DS01 flights                                                      553          553  ok
C-MAPSS regimes, FD004                                                    6            6  ok
C-MAPSS regimes, FD002                                                    6            6  ok
C-MAPSS B-W, FD004 (deg)                                                7.9      7.93736  ok
C-MAPSS B-W, FD002 (deg)                                               10.8      10.7898  ok
C-MAPSS engines with B>W                                                436          436  ok
C-MAPSS engines total                                                   439          439  ok
C-MAPSS engines with B<=W ('all but three')                               3            3  ok
C-MAPSS weakest B-W over w (deg)                                   0.479033      7.93736  ok (bound)
C-MAPSS control bias (deg)                                              0.5     0.479033  ok (bound)
C-MAPSS control p, at chance                                           0.05     0.345795  ok (bound)
S1 C-MAPSS smallest control p                                          0.35     0.345795  ok
S1 C-MAPSS control bias bound (deg)                                     0.5     0.479033  ok (bound)
S1 C-MAPSS regimes per file                                               6            6  ok
S4 optimum: state grids, fewest points                                   25           25  ok
S4 optimum: state grids, most points                                    137          137  ok
S4 optimum: fitted order                                               0.99     0.987498  ok
lambda* extrapolated                                                   1.65      1.65251  ok
S4 optimum: myopic gap at q* (%)                                        1.4       1.4151  ok
S4 optimum: gap over windows and control grids, smallest (%)            1.4       1.4151  ok
S4 optimum: gap over windows and control grids, largest (%)               2      2.03266  ok
5.2 optimum within x% of the myopic policy, every grid                  2.1      2.03266  ok (bound)
S4 optimum: 81 points lower the myopic value by more than (%)             4      4.40198  ok (bound)
S4 optimum: 81 points lower the optimum by more than (%)                  4      4.46983  ok (bound)
S4 optimum: finest grid above the extrapolant (%)                        27      27.4388  ok
S4 optimum: lam below the myopic policy, 41 points              0.000167589  0.000165251  ok (bound)
S4 optimum: lam_prev below the myopic policy, 41 points         0.000167589  0.000164251  ok (bound)
S4 optimum: record for 41 points has the six grids                        1            1  ok
S4 optimum: lam below the myopic policy, 81 points              0.000160212  0.000157865  ok (bound)
S4 optimum: lam_prev below the myopic policy, 81 points         0.000160212  0.000157431  ok (bound)
S4 optimum: record for 81 points has the six grids                        1            1  ok
S4 optimum: lam below the myopic policy, 161 points             0.000158368  0.000156046  ok (bound)
S4 optimum: lam_prev below the myopic policy, 161 points        0.000158368  0.000155438  ok (bound)
S4 optimum: record for 161 points has the six grids                       1            1  ok
S4 optimum: record reproduced afresh, N=49 (rel)                      1e-09            0  ok (bound)
S4 optimum: record reproduced afresh, N=69 (rel)                      1e-09            0  ok (bound)

ALL CHECKS PASS

exit 0 after 58.3 min
md5 AFTER
  d56df5c555fe5827c18148bc019d3b2b  theory.tex  [same]
  07a82570f9d49be0b8e1e30fa5fea995  supplement.tex  [same]
  83ed8eaeb67b9ed90040f4a766eaa93c  verify_numbers.py  [same]
  c0db59819961d0f743f9c0fc5d58cac5  rho_sweep.json  [same]
  506f77029478c7d27b65de63b294c58f  downstream_sweep.json  [same]
  05eb9819d0edfdfffebbcdf66932eccb  dinkelbach_grids.py  [same]
  ff47ddcb51e950348d18fd9983c6d308  dinkelbach_grids_NU41.json  [same]
  bd2c0d70ca4846cc4bf26cc57c5036f9  dinkelbach_grids_NU81.json  [same]
  6b76e89c1cc4857fb9a07732dda4f18e  dinkelbach_grids_NU161.json  [same]
  98405082c5f7a1d1033f5a873316853c  fig4.pdf  [same]
  7e47350f22c0035483d3229a73c58073  make_fig4.py  [same]
